feature@com.versionone.v1.feature=SVN,,https://svn.corp.versionone.net/svn/Trunk, V1Integration/Java/eclipse/addin, com.versionone.v1.feature
plugin@com.versionone.apiclient=SVN,,https://svn.corp.versionone.net/svn/Trunk, V1Integration/Java/eclipse/addin, com.versionone.apiclient
plugin@com.versionone.common=SVN,,https://svn.corp.versionone.net/svn/Trunk, V1Integration/Java/eclipse/addin, com.versionone.common
plugin@com.versionone.taskview=SVN,,https://svn.corp.versionone.net/svn/Trunk, V1Integration/Java/eclipse/addin, com.versionone.taskview
plugin@de.spiritlink.richhtml4eclipse=SVN,,https://svn.corp.versionone.net/svn/Trunk, V1Integration/Java/eclipse/addin, de.spiritlink.richhtml4eclipse

feature@com.versionone.v1.feature.test=SVN,,https://svn.corp.versionone.net/svn/Trunk, V1Integration/Java/eclipse/addin, com.versionone.v1.feature.test
plugin@com.versionone.common.test=SVN,,https://svn.corp.versionone.net/svn/Trunk, V1Integration/Java/eclipse/addin, com.versionone.common.test
plugin@com.versionone.taskview.test=SVN,,https://svn.corp.versionone.net/svn/Trunk, V1Integration/Java/eclipse/addin, com.versionone.taskview.test
